Nothing to build in platform 'audio_1'

11:47:57 **** Incremental Build of configuration Debug for project week11 ****
make all 
make --no-print-directory pre-build
a9-linaro-pre-build-step
' '
make --no-print-directory main-build
'Building file: ../src/helloworld.c'
'Invoking: ARM v7 gcc compiler'
arm-none-eabi-gcc -Wall -O0 -g3 -c -fmessage-length=0 -MT"src/helloworld.o" -mcpu=cortex-a9 -mfpu=vfpv3 -mfloat-abi=hard -ID:/Xilinx/week9/workspace2/audio_1/export/audio_1/sw/audio_1/domain_ps7_cortexa9_0/bspinclude/include -MMD -MP -MF"src/helloworld.d" -MT"src/helloworld.o" -o "src/helloworld.o" "../src/helloworld.c"
../src/helloworld.c: In function 'hpf':
../src/helloworld.c:289:21: warning: unused variable 'b2' [-Wunused-variable]
  289 |  double a1,a2,b0,b1,b2, shift;
      |                     ^~
../src/helloworld.c:289:12: warning: unused variable 'a2' [-Wunused-variable]
  289 |  double a1,a2,b0,b1,b2, shift;
      |            ^~
../src/helloworld.c: In function 'lpf':
../src/helloworld.c:314:21: warning: unused variable 'b2' [-Wunused-variable]
  314 |  double a1,a2,b0,b1,b2, shift;
      |                     ^~
../src/helloworld.c:314:18: warning: unused variable 'b1' [-Wunused-variable]
  314 |  double a1,a2,b0,b1,b2, shift;
      |                  ^~
../src/helloworld.c:314:12: warning: unused variable 'a2' [-Wunused-variable]
  314 |  double a1,a2,b0,b1,b2, shift;
      |            ^~
'Finished building: ../src/helloworld.c'
' '
'Building target: week11.elf'
'Invoking: ARM v7 gcc linker'
arm-none-eabi-gcc -mcpu=cortex-a9 -mfpu=vfpv3 -mfloat-abi=hard -Wl,-build-id=none -specs=Xilinx.spec -Wl,-T -Wl,../src/lscript.ld -LD:/Xilinx/week9/workspace2/audio_1/export/audio_1/sw/audio_1/domain_ps7_cortexa9_0/bsplib/lib -o "week11.elf"  ./src/helloworld.o ./src/platform.o   -lm -Wl,--start-group,-lxil,-lgcc,-lc,--end-group
'Finished building target: week11.elf'
' '
'Invoking: ARM v7 Print Size'
arm-none-eabi-size week11.elf  |tee "week11.elf.size"
   text	   data	    bss	    dec	    hex	filename
  55935	   2580	15382640	15441155	 eb9d03	week11.elf
'Finished building: week11.elf.size'
' '
