Nothing to build in platform 'design_2_wrapper'

21:21:37 **** Clean-only build of configuration Debug for project finalproject ****
make clean 
rm -rf  ./src/helloworld.o ./src/platform.o  ./src/helloworld.d ./src/platform.d  finalproject.elf.size  finalproject.elf
' '
21:21:37 **** Incremental Build of configuration Debug for project finalproject ****
make all 
make --no-print-directory pre-build
a9-linaro-pre-build-step
' '
make --no-print-directory main-build
'Building file: ../src/helloworld.c'
'Invoking: ARM v7 gcc compiler'
arm-none-eabi-gcc -Wall -O0 -g3 -c -fmessage-length=0 -MT"src/helloworld.o" -mcpu=cortex-a9 -mfpu=vfpv3 -mfloat-abi=hard -ID:/Xilinx/finalproject_3/workspace/design_2_wrapper/export/design_2_wrapper/sw/design_2_wrapper/domain_ps7_cortexa9_0/bspinclude/include -MMD -MP -MF"src/helloworld.d" -MT"src/helloworld.o" -o "src/helloworld.o" "../src/helloworld.c"
'Finished building: ../src/helloworld.c'
' '
'Building file: ../src/platform.c'
'Invoking: ARM v7 gcc compiler'
arm-none-eabi-gcc -Wall -O0 -g3 -c -fmessage-length=0 -MT"src/platform.o" -mcpu=cortex-a9 -mfpu=vfpv3 -mfloat-abi=hard -ID:/Xilinx/finalproject_3/workspace/design_2_wrapper/export/design_2_wrapper/sw/design_2_wrapper/domain_ps7_cortexa9_0/bspinclude/include -MMD -MP -MF"src/platform.d" -MT"src/platform.o" -o "src/platform.o" "../src/platform.c"
'Finished building: ../src/platform.c'
' '
'Building target: finalproject.elf'
'Invoking: ARM v7 gcc linker'
arm-none-eabi-gcc -mcpu=cortex-a9 -mfpu=vfpv3 -mfloat-abi=hard -Wl,-build-id=none -specs=Xilinx.spec -Wl,-T -Wl,../src/lscript.ld -LD:/Xilinx/finalproject_3/workspace/design_2_wrapper/export/design_2_wrapper/sw/design_2_wrapper/domain_ps7_cortexa9_0/bsplib/lib -o "finalproject.elf"  ./src/helloworld.o ./src/platform.o   -lm -Wl,--start-group,-lxil,-lgcc,-lc,--end-group
'Finished building target: finalproject.elf'
' '
'Invoking: ARM v7 Print Size'
arm-none-eabi-size finalproject.elf  |tee "finalproject.elf.size"
   text	   data	    bss	    dec	    hex	filename
  53087	   2580	15382640	15438307	 eb91e3	finalproject.elf
'Finished building: finalproject.elf.size'
' '
