15:06:28 **** Build of configuration Debug for project week7_3 ****
make all 
make --no-print-directory pre-build
a9-linaro-pre-build-step
' '
make --no-print-directory main-build
'Building file: ../src/helloworld.c'
'Invoking: ARM v7 gcc compiler'
arm-none-eabi-gcc -Wall -O0 -g3 -c -fmessage-length=0 -MT"src/helloworld.o" -mcpu=cortex-a9 -mfpu=vfpv3 -mfloat-abi=hard -IF:/Xilinx/week7_3/workspace/top/export/top/sw/top/domain_ps7_cortexa9_0/bspinclude/include -MMD -MP -MF"src/helloworld.d" -MT"src/helloworld.o" -o "src/helloworld.o" "../src/helloworld.c"
'Finished building: ../src/helloworld.c'
' '
'Building file: ../src/platform.c'
'Invoking: ARM v7 gcc compiler'
arm-none-eabi-gcc -Wall -O0 -g3 -c -fmessage-length=0 -MT"src/platform.o" -mcpu=cortex-a9 -mfpu=vfpv3 -mfloat-abi=hard -IF:/Xilinx/week7_3/workspace/top/export/top/sw/top/domain_ps7_cortexa9_0/bspinclude/include -MMD -MP -MF"src/platform.d" -MT"src/platform.o" -o "src/platform.o" "../src/platform.c"
'Finished building: ../src/platform.c'
' '
'Building target: week7_3.elf'
'Invoking: ARM v7 gcc linker'
arm-none-eabi-gcc -mcpu=cortex-a9 -mfpu=vfpv3 -mfloat-abi=hard -Wl,-build-id=none -specs=Xilinx.spec -Wl,-T -Wl,../src/lscript.ld -LF:/Xilinx/week7_3/workspace/top/export/top/sw/top/domain_ps7_cortexa9_0/bsplib/lib -o "week7_3.elf"  ./src/helloworld.o ./src/platform.o   -Wl,--start-group,-lxil,-lgcc,-lc,--end-group
'Finished building target: week7_3.elf'
' '
'Invoking: ARM v7 Print Size'
arm-none-eabi-size week7_3.elf  |tee "week7_3.elf.size"
   text	   data	    bss	    dec	    hex	filename
  28092	   1936	  22632	  52660	   cdb4	week7_3.elf
'Finished building: week7_3.elf.size'
' '

15:06:30 Build Finished (took 2s.241ms)

