Nothing to build in platform 'audio_1'

10:12:49 **** Incremental Build of configuration Debug for project week9 ****
make all 
make --no-print-directory pre-build
a9-linaro-pre-build-step
' '
make --no-print-directory main-build
'Building file: ../src/helloworld.c'
'Invoking: ARM v7 gcc compiler'
arm-none-eabi-gcc -Wall -O0 -g3 -c -fmessage-length=0 -MT"src/helloworld.o" -mcpu=cortex-a9 -mfpu=vfpv3 -mfloat-abi=hard -ID:/Xilinx/week9/workspace/audio_1/export/audio_1/sw/audio_1/domain_ps7_cortexa9_0/bspinclude/include -MMD -MP -MF"src/helloworld.d" -MT"src/helloworld.o" -o "src/helloworld.o" "../src/helloworld.c"
'Finished building: ../src/helloworld.c'
' '
'Building target: week9.elf'
'Invoking: ARM v7 gcc linker'
arm-none-eabi-gcc -mcpu=cortex-a9 -mfpu=vfpv3 -mfloat-abi=hard -Wl,-build-id=none -specs=Xilinx.spec -Wl,-T -Wl,../src/lscript.ld -LD:/Xilinx/week9/workspace/audio_1/export/audio_1/sw/audio_1/domain_ps7_cortexa9_0/bsplib/lib -o "week9.elf"  ./src/helloworld.o ./src/platform.o   -lm -Wl,--start-group,-lxil,-lgcc,-lc,--end-group
'Finished building target: week9.elf'
' '
'Invoking: ARM v7 Print Size'
arm-none-eabi-size week9.elf  |tee "week9.elf.size"
   text	   data	    bss	    dec	    hex	filename
  51039	   2580	  22640	  76259	  129e3	week9.elf
'Finished building: week9.elf.size'
' '
