Copyright 1986-2020 Xilinx, Inc. All Rights Reserved.
---------------------------------------------------------------------------------------------
| Tool Version : Vivado v.2020.1 (win64) Build 2902540 Wed May 27 19:54:49 MDT 2020
| Date         : Mon Jun 20 12:08:10 2022
| Host         : DESKTOP-D4Q528Q running 64-bit major release  (build 9200)
| Command      : report_control_sets -verbose -file design_2_wrapper_control_sets_placed.rpt
| Design       : design_2_wrapper
| Device       : xc7z020
---------------------------------------------------------------------------------------------

Control Set Information

Table of Contents
-----------------
1. Summary
2. Histogram
3. Flip-Flop Distribution
4. Detailed Control Set Information

1. Summary
----------

+----------------------------------------------------------+-------+
|                          Status                          | Count |
+----------------------------------------------------------+-------+
| Total control sets                                       |   122 |
|    Minimum number of control sets                        |   122 |
|    Addition due to synthesis replication                 |     0 |
|    Addition due to physical synthesis replication        |     0 |
| Unused register locations in slices containing registers |   277 |
+----------------------------------------------------------+-------+
* Control sets can be merged at opt_design using control_set_merge or merge_equivalent_drivers
** Run report_qor_suggestions for automated merging and remapping suggestions


2. Histogram
------------

+--------------------+-------+
|       Fanout       | Count |
+--------------------+-------+
| Total control sets |   122 |
| >= 0 to < 4        |    10 |
| >= 4 to < 6        |    14 |
| >= 6 to < 8        |     7 |
| >= 8 to < 10       |     7 |
| >= 10 to < 12      |     3 |
| >= 12 to < 14      |    13 |
| >= 14 to < 16      |     8 |
| >= 16              |    60 |
+--------------------+-------+
* Control sets can be remapped at either synth_design or opt_design


3. Flip-Flop Distribution
-------------------------

+--------------+-----------------------+------------------------+-----------------+--------------+
| Clock Enable | Synchronous Set/Reset | Asynchronous Set/Reset | Total Registers | Total Slices |
+--------------+-----------------------+------------------------+-----------------+--------------+
| No           | No                    | No                     |             368 |          126 |
| No           | No                    | Yes                    |               1 |            1 |
| No           | Yes                   | No                     |             461 |          169 |
| Yes          | No                    | No                     |             732 |          184 |
| Yes          | No                    | Yes                    |               0 |            0 |
| Yes          | Yes                   | No                     |             785 |          226 |
+--------------+-----------------------+------------------------+-----------------+--------------+


4. Detailed Control Set Information
-----------------------------------

+-------------------------------------------------------+-----------------------------------------------------------------------------------------------------------------------------------------------------------------------------------+--------------------------------------------------------------------------------------------------------------------------------------------------------------+------------------+----------------+--------------+
|                      Clock Signal                     |                                                                                   Enable Signal                                                                                   |                                                                       Set/Reset Signal                                                                       | Slice Load Count | Bel Load Count | Bels / Slice |
+-------------------------------------------------------+-----------------------------------------------------------------------------------------------------------------------------------------------------------------------------------+--------------------------------------------------------------------------------------------------------------------------------------------------------------+------------------+----------------+--------------+
|  HDMI_TOP_i/display_timings_inst/enemy_1_enable       |                                                                                                                                                                                   |                                                                                                                                                              |                1 |              1 |         1.00 |
|  HDMI_TOP_i/gfx_inst/enemy_projectile_2/attacked6_out |                                                                                                                                                                                   |                                                                                                                                                              |                1 |              1 |         1.00 |
|  HDMI_TOP_i/display_timings_inst/enemy_3_enable       |                                                                                                                                                                                   |                                                                                                                                                              |                1 |              1 |         1.00 |
|  HDMI_TOP_i/display_timings_inst/enemy_2_enable       |                                                                                                                                                                                   |                                                                                                                                                              |                1 |              1 |         1.00 |
|  design_2_i/processing_system7_0/inst/FCLK_CLK0       | design_2_i/axi_interconnect_0/s00_couplers/auto_pc/inst/gen_axilite.gen_b2s_conv.axilite_b2s/WR.b_channel_0/bid_fifo_0/bresp_push                                                 |                                                                                                                                                              |                1 |              2 |         2.00 |
|  design_2_i/processing_system7_0/inst/FCLK_CLK0       |                                                                                                                                                                                   | design_2_i/axi_fifo_mm_s_1/U0/COMP_IPIC2AXI_S/grxd.COMP_rx_len_fifo/xpm_fifo_base_inst/xpm_fifo_rst_inst/rst_i                                               |                1 |              3 |         3.00 |
|  HDMI_TOP_i/display_clocks_inst/o_clk_1x              |                                                                                                                                                                                   |                                                                                                                                                              |                3 |              3 |         1.00 |
|  design_2_i/processing_system7_0/inst/FCLK_CLK0       |                                                                                                                                                                                   | design_2_i/axi_fifo_mm_s_1/U0/COMP_IPIC2AXI_S/gtxd.COMP_TXD_FIFO/gfifo_gen.COMP_AXIS_FG_FIFO/COMP_FIFO/xpm_fifo_base_inst/xpm_fifo_rst_inst/rst_i            |                1 |              3 |         3.00 |
|  design_2_i/processing_system7_0/inst/FCLK_CLK0       |                                                                                                                                                                                   | design_2_i/axi_fifo_mm_s_0/U0/COMP_IPIC2AXI_S/gtxd.COMP_TXD_FIFO/gfifo_gen.COMP_AXIS_FG_FIFO/COMP_FIFO/xpm_fifo_base_inst/xpm_fifo_rst_inst/rst_i            |                1 |              3 |         3.00 |
|  design_2_i/processing_system7_0/inst/FCLK_CLK0       |                                                                                                                                                                                   | design_2_i/axi_fifo_mm_s_1/U0/COMP_IPIC2AXI_S/grxd.COMP_RX_FIFO/gfifo_gen.COMP_AXIS_FG_FIFO/COMP_FIFO/xpm_fifo_base_inst/xpm_fifo_rst_inst/rst_i             |                2 |              3 |         1.50 |
|  design_2_i/processing_system7_0/inst/FCLK_CLK0       |                                                                                                                                                                                   | design_2_i/myPrescaler_0/inst/counter[3]_i_1_n_0                                                                                                             |                1 |              4 |         4.00 |
|  design_2_i/processing_system7_0/inst/FCLK_CLK0       |                                                                                                                                                                                   | design_2_i/axi_interconnect_0/s00_couplers/auto_pc/inst/gen_axilite.gen_b2s_conv.axilite_b2s/SI_REG/ar.ar_pipe/aresetn_d_reg[1]_inv_0                        |                2 |              4 |         2.00 |
|  design_2_i/processing_system7_0/inst/FCLK_CLK0       |                                                                                                                                                                                   | design_2_i/axi_interconnect_0/s00_couplers/auto_pc/inst/gen_axilite.gen_b2s_conv.axilite_b2s/SI_REG/aw.aw_pipe/aresetn_d_reg[0]_0                            |                3 |              4 |         1.33 |
|  design_2_i/processing_system7_0/inst/FCLK_CLK0       | design_2_i/myI2STx_v1_0_0/inst/bclk1_out                                                                                                                                          |                                                                                                                                                              |                1 |              4 |         4.00 |
|  design_2_i/processing_system7_0/inst/FCLK_CLK0       | design_2_i/axi_gpio_0/U0/AXI_LITE_IPIF_I/I_SLAVE_ATTACHMENT/bus2ip_addr_i[8]_i_1_n_0                                                                                              | design_2_i/axi_gpio_0/U0/AXI_LITE_IPIF_I/I_SLAVE_ATTACHMENT/SR[0]                                                                                            |                1 |              4 |         4.00 |
|  design_2_i/processing_system7_0/inst/FCLK_CLK0       | design_2_i/axi_gpio_0/U0/AXI_LITE_IPIF_I/I_SLAVE_ATTACHMENT/start2                                                                                                                | design_2_i/axi_gpio_0/U0/AXI_LITE_IPIF_I/I_SLAVE_ATTACHMENT/I_DECODER/cs_ce_clr                                                                              |                1 |              4 |         4.00 |
|  design_2_i/processing_system7_0/inst/FCLK_CLK0       | design_2_i/mySPIRxTx_v1_0_0/inst/FSM_onehot_state[0]_i_1_n_0                                                                                                                      |                                                                                                                                                              |                1 |              4 |         4.00 |
|  design_2_i/processing_system7_0/inst/FCLK_CLK0       |                                                                                                                                                                                   | design_2_i/axi_gpio_0/U0/AXI_LITE_IPIF_I/I_SLAVE_ATTACHMENT/clear                                                                                            |                1 |              4 |         4.00 |
|  design_2_i/processing_system7_0/inst/FCLK_CLK0       | design_2_i/axi_interconnect_0/s00_couplers/auto_pc/inst/gen_axilite.gen_b2s_conv.axilite_b2s/RD.r_channel_0/rd_data_fifo_0/cnt_read[4]_i_1_n_0                                    | design_2_i/axi_interconnect_0/s00_couplers/auto_pc/inst/gen_axilite.gen_b2s_conv.axilite_b2s/areset_d1                                                       |                2 |              5 |         2.50 |
|  design_2_i/processing_system7_0/inst/FCLK_CLK0       |                                                                                                                                                                                   | design_2_i/proc_sys_reset_0/U0/EXT_LPF/lpf_int                                                                                                               |                2 |              5 |         2.50 |
|  design_2_i/processing_system7_0/inst/FCLK_CLK0       | design_2_i/axi_fifo_mm_s_1/U0/COMP_IPIF/I_SLAVE_ATTACHMENT/start2_i_1_n_0                                                                                                         | design_2_i/axi_fifo_mm_s_1/U0/COMP_IPIF/I_SLAVE_ATTACHMENT/rst_0                                                                                             |                2 |              5 |         2.50 |
|  design_2_i/processing_system7_0/inst/FCLK_CLK0       |                                                                                                                                                                                   | design_2_i/axi_fifo_mm_s_1/U0/COMP_IPIC2AXI_S/grxd.COMP_rx_len_fifo/xpm_fifo_base_inst/xpm_fifo_rst_inst/Q[0]                                                |                2 |              5 |         2.50 |
|  design_2_i/processing_system7_0/inst/FCLK_CLK0       | design_2_i/axi_fifo_mm_s_0/U0/COMP_IPIF/I_SLAVE_ATTACHMENT/bus2ip_addr_i[5]_i_1_n_0                                                                                               | design_2_i/axi_fifo_mm_s_0/U0/COMP_IPIF/I_SLAVE_ATTACHMENT/rst                                                                                               |                1 |              5 |         5.00 |
|  design_2_i/processing_system7_0/inst/FCLK_CLK0       | design_2_i/axi_interconnect_0/s00_couplers/auto_pc/inst/gen_axilite.gen_b2s_conv.axilite_b2s/RD.r_channel_0/transaction_fifo_0/cnt_read[4]_i_1__0_n_0                             | design_2_i/axi_interconnect_0/s00_couplers/auto_pc/inst/gen_axilite.gen_b2s_conv.axilite_b2s/areset_d1                                                       |                2 |              5 |         2.50 |
|  design_2_i/processing_system7_0/inst/FCLK_CLK0       | design_2_i/axi_gpio_0/U0/AXI_LITE_IPIF_I/I_SLAVE_ATTACHMENT/I_DECODER/bus2ip_rnw_i_reg[0]                                                                                         | design_2_i/axi_gpio_0/U0/AXI_LITE_IPIF_I/I_SLAVE_ATTACHMENT/SR[0]                                                                                            |                2 |              6 |         3.00 |
|  design_2_i/processing_system7_0/inst/FCLK_CLK0       | design_2_i/myI2STx_v1_0_0/inst/sdata0_out                                                                                                                                         |                                                                                                                                                              |                2 |              6 |         3.00 |
|  design_2_i/processing_system7_0/inst/FCLK_CLK0       | design_2_i/proc_sys_reset_0/U0/SEQ/seq_cnt_en                                                                                                                                     | design_2_i/proc_sys_reset_0/U0/SEQ/SEQ_COUNTER/clear                                                                                                         |                1 |              6 |         6.00 |
|  design_2_i/processing_system7_0/inst/FCLK_CLK0       | design_2_i/mySPIRxTx_v1_0_0/inst/bitcounter[5]_i_1_n_0                                                                                                                            |                                                                                                                                                              |                2 |              6 |         3.00 |
|  design_2_i/processing_system7_0/inst/FCLK_CLK0       | design_2_i/axi_gpio_0/U0/AXI_LITE_IPIF_I/I_SLAVE_ATTACHMENT/I_DECODER/E[0]                                                                                                        | design_2_i/axi_gpio_0/U0/AXI_LITE_IPIF_I/I_SLAVE_ATTACHMENT/SR[0]                                                                                            |                1 |              6 |         6.00 |
|  design_2_i/processing_system7_0/inst/FCLK_CLK0       | design_2_i/axi_gpio_0/U0/AXI_LITE_IPIF_I/I_SLAVE_ATTACHMENT/s_axi_rresp_i                                                                                                         | design_2_i/axi_gpio_0/U0/AXI_LITE_IPIF_I/I_SLAVE_ATTACHMENT/SR[0]                                                                                            |                1 |              7 |         7.00 |
|  v_sync                                               | HDMI_TOP_i/gfx_inst/pro_1/sprite_y[9]_i_1_n_0                                                                                                                                     |                                                                                                                                                              |                4 |              7 |         1.75 |
|  design_2_i/processing_system7_0/inst/FCLK_CLK0       | design_2_i/mySPIRxTx_v1_0_0/inst/rxbuffer[7]_i_1_n_0                                                                                                                              |                                                                                                                                                              |                1 |              8 |         8.00 |
|  design_2_i/processing_system7_0/inst/FCLK_CLK0       |                                                                                                                                                                                   | design_2_i/axi_fifo_mm_s_1/U0/COMP_IPIF/I_SLAVE_ATTACHMENT/rst_0                                                                                             |                5 |              8 |         1.60 |
|  design_2_i/processing_system7_0/inst/FCLK_CLK0       |                                                                                                                                                                                   | design_2_i/axi_fifo_mm_s_0/U0/COMP_IPIF/I_SLAVE_ATTACHMENT/rst                                                                                               |                4 |              8 |         2.00 |
|  design_2_i/processing_system7_0/inst/FCLK_CLK0       | design_2_i/mySPIRxTx_v1_0_0/inst/p_1_out[7]                                                                                                                                       |                                                                                                                                                              |                1 |              8 |         8.00 |
|  design_2_i/processing_system7_0/inst/FCLK_CLK0       | design_2_i/mySPIRxTx_v1_0_0/inst/buffer[7]_i_1_n_0                                                                                                                                |                                                                                                                                                              |                3 |              8 |         2.67 |
|  design_2_i/processing_system7_0/inst/FCLK_CLK0       | design_2_i/axi_interconnect_0/s00_couplers/auto_pc/inst/gen_axilite.gen_b2s_conv.axilite_b2s/WR.b_channel_0/mhandshake_r                                                          | design_2_i/axi_interconnect_0/s00_couplers/auto_pc/inst/gen_axilite.gen_b2s_conv.axilite_b2s/WR.b_channel_0/bid_fifo_0/SR[0]                                 |                3 |              8 |         2.67 |
|  v_sync                                               | HDMI_TOP_i/gfx_inst/pro_1/sprite_y[9]_i_1_n_0                                                                                                                                     | HDMI_TOP_i/gfx_inst/pro_1/sprite_y[15]_i_1_n_0                                                                                                               |                5 |              9 |         1.80 |
|  design_2_i/processing_system7_0/inst/FCLK_CLK0       |                                                                                                                                                                                   | design_2_i/axi_fifo_mm_s_1/U0/COMP_IPIC2AXI_S/gtxd.COMP_TXD_FIFO/SR[0]                                                                                       |                5 |             10 |         2.00 |
|  design_2_i/processing_system7_0/inst/FCLK_CLK0       |                                                                                                                                                                                   | design_2_i/axi_interconnect_0/s00_couplers/auto_pc/inst/gen_axilite.gen_b2s_conv.axilite_b2s/areset_d1                                                       |                3 |             10 |         3.33 |
|  design_2_i/processing_system7_0/inst/FCLK_CLK0       |                                                                                                                                                                                   | design_2_i/axi_fifo_mm_s_0/U0/COMP_IPIC2AXI_S/gtxd.COMP_TXD_FIFO/sig_txd_reset0_out                                                                          |                2 |             10 |         5.00 |
|  design_2_i/processing_system7_0/inst/FCLK_CLK0       |                                                                                                                                                                                   | design_2_i/axi_gpio_0/U0/gpio_core_1/Read_Reg_Rst                                                                                                            |                4 |             12 |         3.00 |
|  design_2_i/processing_system7_0/inst/FCLK_CLK0       | design_2_i/axi_interconnect_0/s00_couplers/auto_pc/inst/gen_axilite.gen_b2s_conv.axilite_b2s/RD.ar_channel_0/ar_cmd_fsm_0/sel_first_reg[0]                                        |                                                                                                                                                              |                2 |             12 |         6.00 |
|  design_2_i/processing_system7_0/inst/FCLK_CLK0       | design_2_i/axi_interconnect_0/s00_couplers/auto_pc/inst/gen_axilite.gen_b2s_conv.axilite_b2s/WR.aw_channel_0/aw_cmd_fsm_0/FSM_sequential_state_reg[1]_0[0]                        |                                                                                                                                                              |                3 |             12 |         4.00 |
|  HDMI_TOP_i/display_clocks_inst/o_clk_1x              |                                                                                                                                                                                   | HDMI_TOP_i/display_timings_inst/SR[0]                                                                                                                        |                3 |             12 |         4.00 |
|  design_2_i/processing_system7_0/inst/FCLK_CLK0       | design_2_i/axi_interconnect_0/s00_couplers/auto_pc/inst/gen_axilite.gen_b2s_conv.axilite_b2s/WR.aw_channel_0/cmd_translator_0/incr_cmd_0/axaddr_incr[11]_i_1_n_0                  |                                                                                                                                                              |                3 |             12 |         4.00 |
|  design_2_i/processing_system7_0/inst/FCLK_CLK0       | design_2_i/axi_interconnect_0/s00_couplers/auto_pc/inst/gen_axilite.gen_b2s_conv.axilite_b2s/RD.ar_channel_0/ar_cmd_fsm_0/E[0]                                                    |                                                                                                                                                              |                5 |             12 |         2.40 |
|  design_2_i/processing_system7_0/inst/FCLK_CLK0       |                                                                                                                                                                                   | design_2_i/axi_fifo_mm_s_0/U0/COMP_IPIC2AXI_S/sig_Bus2IP_Reset                                                                                               |                7 |             13 |         1.86 |
|  design_2_i/processing_system7_0/inst/FCLK_CLK0       | design_2_i/axi_fifo_mm_s_1/U0/COMP_IPIF/I_SLAVE_ATTACHMENT/start2_reg_0                                                                                                           | design_2_i/axi_fifo_mm_s_1/U0/COMP_IPIC2AXI_S/cs_ce_clr                                                                                                      |                5 |             13 |         2.60 |
|  design_2_i/processing_system7_0/inst/FCLK_CLK0       |                                                                                                                                                                                   | design_2_i/axi_interconnect_0/xbar/inst/gen_sasd.crossbar_sasd_0/addr_arbiter_inst/SR[0]                                                                     |                3 |             13 |         4.33 |
|  design_2_i/processing_system7_0/inst/FCLK_CLK0       | design_2_i/axi_fifo_mm_s_1/U0/COMP_IPIF/I_SLAVE_ATTACHMENT/I_DECODER/E[0]                                                                                                         | design_2_i/axi_fifo_mm_s_1/U0/COMP_IPIC2AXI_S/sig_Bus2IP_Reset                                                                                               |                2 |             13 |         6.50 |
|  design_2_i/processing_system7_0/inst/FCLK_CLK0       | design_2_i/axi_interconnect_0/s00_couplers/auto_pc/inst/gen_axilite.gen_b2s_conv.axilite_b2s/RD.r_channel_0/r_push_r                                                              |                                                                                                                                                              |                4 |             13 |         3.25 |
|  design_2_i/processing_system7_0/inst/FCLK_CLK0       | design_2_i/axi_fifo_mm_s_0/U0/COMP_IPIF/I_SLAVE_ATTACHMENT/I_DECODER/E[0]                                                                                                         | design_2_i/axi_fifo_mm_s_0/U0/COMP_IPIC2AXI_S/sig_Bus2IP_Reset                                                                                               |                3 |             13 |         4.33 |
|  design_2_i/processing_system7_0/inst/FCLK_CLK0       | design_2_i/axi_fifo_mm_s_0/U0/COMP_IPIF/I_SLAVE_ATTACHMENT/start2                                                                                                                 | design_2_i/axi_fifo_mm_s_0/U0/COMP_IPIC2AXI_S/cs_ce_clr                                                                                                      |                4 |             13 |         3.25 |
|  design_2_i/processing_system7_0/inst/FCLK_CLK0       | design_2_i/axi_interconnect_0/s00_couplers/auto_pc/inst/gen_axilite.gen_b2s_conv.axilite_b2s/SI_REG/b.b_pipe/p_1_in                                                               |                                                                                                                                                              |                2 |             14 |         7.00 |
|  design_2_i/processing_system7_0/inst/FCLK_CLK0       | design_2_i/axi_fifo_mm_s_1/U0/COMP_IPIC2AXI_S/grxd.COMP_rx_len_fifo/xpm_fifo_base_inst/xpm_fifo_rst_inst/E[0]                                                                     | design_2_i/axi_fifo_mm_s_1/U0/COMP_IPIC2AXI_S/grxd.COMP_rx_len_fifo/xpm_fifo_base_inst/xpm_fifo_rst_inst/Q[0]                                                |                5 |             14 |         2.80 |
|  design_2_i/processing_system7_0/inst/FCLK_CLK0       | design_2_i/axi_interconnect_0/s00_couplers/auto_pc/inst/gen_axilite.gen_b2s_conv.axilite_b2s/SI_REG/b.b_pipe/s_ready_i_reg_0                                                      |                                                                                                                                                              |                2 |             14 |         7.00 |
|  design_2_i/processing_system7_0/inst/FCLK_CLK0       | design_2_i/axi_fifo_mm_s_1/U0/COMP_IPIC2AXI_S/grxd.COMP_rx_len_fifo/xpm_fifo_base_inst/rdp_inst/enb                                                                               | design_2_i/axi_fifo_mm_s_1/U0/COMP_IPIC2AXI_S/grxd.COMP_rx_len_fifo/xpm_fifo_base_inst/xpm_fifo_rst_inst/Q[0]                                                |                5 |             14 |         2.80 |
|  design_2_i/processing_system7_0/inst/FCLK_CLK0       | design_2_i/axi_interconnect_0/xbar/inst/gen_sasd.crossbar_sasd_0/reg_slice_r/aa_rready                                                                                            |                                                                                                                                                              |                6 |             15 |         2.50 |
|  v_sync                                               | HDMI_TOP_i/gfx_inst/enemy_projectile_4/sel                                                                                                                                        | HDMI_TOP_i/gfx_inst/enemy_projectile_4/clear                                                                                                                 |                4 |             15 |         3.75 |
|  v_sync                                               | HDMI_TOP_i/gfx_inst/enemy_projectile_5/sel                                                                                                                                        | HDMI_TOP_i/gfx_inst/enemy_projectile_5/clear                                                                                                                 |                4 |             15 |         3.75 |
|  v_sync                                               | HDMI_TOP_i/gfx_inst/enemy_projectile_6/sel                                                                                                                                        | HDMI_TOP_i/gfx_inst/enemy_projectile_6/clear                                                                                                                 |                4 |             15 |         3.75 |
|  design_2_i/processing_system7_0/inst/FCLK_CLK0       | design_2_i/axi_interconnect_0/s00_couplers/auto_pc/inst/gen_axilite.gen_b2s_conv.axilite_b2s/WR.b_channel_0/bid_fifo_0/sel                                                        |                                                                                                                                                              |                3 |             16 |         5.33 |
|  v_sync                                               |                                                                                                                                                                                   | HDMI_TOP_i/gfx_inst/enemy_projectile_1/clear                                                                                                                 |                4 |             16 |         4.00 |
|  v_sync                                               |                                                                                                                                                                                   | HDMI_TOP_i/gfx_inst/enemy_projectile_2/clear                                                                                                                 |                4 |             16 |         4.00 |
|  v_sync                                               |                                                                                                                                                                                   | HDMI_TOP_i/gfx_inst/enemy_projectile_3/clear                                                                                                                 |                4 |             16 |         4.00 |
|  v_sync                                               | HDMI_TOP_i/gfx_inst/enemy_projectile_4/clear                                                                                                                                      |                                                                                                                                                              |                6 |             16 |         2.67 |
|  v_sync                                               | HDMI_TOP_i/gfx_inst/pro_1/sprite_x                                                                                                                                                |                                                                                                                                                              |                6 |             16 |         2.67 |
|  v_sync                                               | HDMI_TOP_i/gfx_inst/sprite_compositor_1/sprite_x[0]_i_1_n_0                                                                                                                       |                                                                                                                                                              |                4 |             16 |         4.00 |
|  v_sync                                               | HDMI_TOP_i/gfx_inst/enemy_projectile_5/clear                                                                                                                                      |                                                                                                                                                              |                6 |             16 |         2.67 |
|  v_sync                                               | HDMI_TOP_i/gfx_inst/enemy_projectile_6/clear                                                                                                                                      |                                                                                                                                                              |                4 |             16 |         4.00 |
|  design_2_i/processing_system7_0/inst/FCLK_CLK0       | design_2_i/myI2STx_v1_0_0/inst/shiftreg[15]_i_1_n_0                                                                                                                               |                                                                                                                                                              |                4 |             16 |         4.00 |
|  v_sync                                               | HDMI_TOP_i/gfx_inst/enemy_projectile_1/clear                                                                                                                                      |                                                                                                                                                              |                5 |             16 |         3.20 |
|  v_sync                                               | HDMI_TOP_i/gfx_inst/enemy_projectile_2/clear                                                                                                                                      |                                                                                                                                                              |                6 |             16 |         2.67 |
|  v_sync                                               | HDMI_TOP_i/gfx_inst/enemy_projectile_3/clear                                                                                                                                      |                                                                                                                                                              |                4 |             16 |         4.00 |
|  design_2_i/processing_system7_0/inst/FCLK_CLK0       | design_2_i/axi_fifo_mm_s_1/U0/COMP_IPIC2AXI_S/grxd.COMP_RX_FIFO/gfifo_gen.COMP_AXIS_FG_FIFO/COMP_FIFO/xpm_fifo_base_inst/xpm_fifo_rst_inst/ram_wr_en_pf                           | design_2_i/axi_fifo_mm_s_1/U0/COMP_IPIC2AXI_S/grxd.COMP_RX_FIFO/gfifo_gen.COMP_AXIS_FG_FIFO/COMP_FIFO/xpm_fifo_base_inst/xpm_fifo_rst_inst/Q[0]              |                6 |             19 |         3.17 |
|  design_2_i/processing_system7_0/inst/FCLK_CLK0       | design_2_i/axi_fifo_mm_s_0/U0/COMP_IPIC2AXI_S/gtxd.COMP_TXD_FIFO/gfifo_gen.COMP_AXIS_FG_FIFO/COMP_FIFO/xpm_fifo_base_inst/rdp_inst/FSM_sequential_gen_fwft.curr_fwft_state_reg[1] | design_2_i/axi_fifo_mm_s_0/U0/COMP_IPIC2AXI_S/gtxd.COMP_TXD_FIFO/gfifo_gen.COMP_AXIS_FG_FIFO/COMP_FIFO/xpm_fifo_base_inst/xpm_fifo_rst_inst/Q[0]             |                6 |             19 |         3.17 |
|  design_2_i/processing_system7_0/inst/FCLK_CLK0       | design_2_i/axi_fifo_mm_s_1/U0/COMP_IPIC2AXI_S/grxd.COMP_RX_FIFO/gfifo_gen.COMP_AXIS_FG_FIFO/COMP_FIFO/xpm_fifo_base_inst/rdp_inst/FSM_sequential_gen_fwft.curr_fwft_state_reg[1]  | design_2_i/axi_fifo_mm_s_1/U0/COMP_IPIC2AXI_S/grxd.COMP_RX_FIFO/gfifo_gen.COMP_AXIS_FG_FIFO/COMP_FIFO/xpm_fifo_base_inst/xpm_fifo_rst_inst/Q[0]              |                5 |             19 |         3.80 |
|  design_2_i/processing_system7_0/inst/FCLK_CLK0       | design_2_i/axi_fifo_mm_s_1/U0/COMP_IPIC2AXI_S/gtxd.COMP_TXD_FIFO/gfifo_gen.COMP_AXIS_FG_FIFO/COMP_FIFO/xpm_fifo_base_inst/rdp_inst/FSM_sequential_gen_fwft.curr_fwft_state_reg[1] | design_2_i/axi_fifo_mm_s_1/U0/COMP_IPIC2AXI_S/gtxd.COMP_TXD_FIFO/gfifo_gen.COMP_AXIS_FG_FIFO/COMP_FIFO/xpm_fifo_base_inst/xpm_fifo_rst_inst/Q[0]             |                6 |             19 |         3.17 |
|  HDMI_TOP_i/display_clocks_inst/o_clk_1x              | HDMI_TOP_i/display_timings_inst/o_sy[15]_i_1_n_0                                                                                                                                  | RST_BTN_IBUF                                                                                                                                                 |                7 |             20 |         2.86 |
|  design_2_i/processing_system7_0/inst/FCLK_CLK0       | design_2_i/axi_fifo_mm_s_1/U0/COMP_IPIC2AXI_S/grxd.COMP_RX_FIFO/gfifo_gen.COMP_AXIS_FG_FIFO/E[0]                                                                                  | design_2_i/axi_fifo_mm_s_1/U0/COMP_IPIC2AXI_S/grxd.COMP_RX_FIFO/gfifo_gen.COMP_AXIS_FG_FIFO/SR[0]                                                            |                6 |             21 |         3.50 |
|  design_2_i/processing_system7_0/inst/FCLK_CLK0       | design_2_i/axi_interconnect_0/xbar/inst/gen_sasd.crossbar_sasd_0/addr_arbiter_inst/p_0_in1_in                                                                                     | design_2_i/axi_interconnect_0/xbar/inst/gen_sasd.crossbar_sasd_0/addr_arbiter_inst/SR[0]                                                                     |                8 |             21 |         2.62 |
|  design_2_i/processing_system7_0/inst/FCLK_CLK0       | design_2_i/axi_fifo_mm_s_1/U0/COMP_IPIC2AXI_S/grxd.COMP_rx_len_fifo/xpm_fifo_base_inst/gen_fwft.ram_regout_en                                                                     | design_2_i/axi_fifo_mm_s_1/U0/COMP_IPIC2AXI_S/grxd.COMP_rx_len_fifo/xpm_fifo_base_inst/xpm_fifo_rst_inst/Q[0]                                                |                5 |             22 |         4.40 |
|  design_2_i/processing_system7_0/inst/FCLK_CLK0       |                                                                                                                                                                                   | design_2_i/axi_gpio_0/U0/AXI_LITE_IPIF_I/I_SLAVE_ATTACHMENT/SR[0]                                                                                            |                8 |             22 |         2.75 |
|  design_2_i/processing_system7_0/inst/FCLK_CLK0       |                                                                                                                                                                                   | design_2_i/axi_fifo_mm_s_1/U0/COMP_IPIC2AXI_S/sig_Bus2IP_Reset                                                                                               |               15 |             23 |         1.53 |
|  design_2_i/processing_system7_0/inst/FCLK_CLK0       | design_2_i/axi_fifo_mm_s_0/U0/COMP_IPIF/I_SLAVE_ATTACHMENT/s_axi_rresp_i                                                                                                          | design_2_i/axi_fifo_mm_s_0/U0/COMP_IPIF/I_SLAVE_ATTACHMENT/rst                                                                                               |                5 |             23 |         4.60 |
|  design_2_i/processing_system7_0/inst/FCLK_CLK0       | design_2_i/axi_interconnect_0/s00_couplers/auto_pc/inst/gen_axilite.gen_b2s_conv.axilite_b2s/RD.ar_channel_0/ar_cmd_fsm_0/m_valid_i_reg[0]                                        |                                                                                                                                                              |                8 |             24 |         3.00 |
|  design_2_i/processing_system7_0/inst/FCLK_CLK0       | design_2_i/axi_interconnect_0/s00_couplers/auto_pc/inst/gen_axilite.gen_b2s_conv.axilite_b2s/WR.aw_channel_0/aw_cmd_fsm_0/E[0]                                                    |                                                                                                                                                              |                7 |             24 |         3.43 |
|  design_2_i/processing_system7_0/inst/FCLK_CLK0       |                                                                                                                                                                                   | design_2_i/myPrescaler_1/inst/prescale_0                                                                                                                     |                6 |             24 |         4.00 |
|  design_2_i/processing_system7_0/inst/FCLK_CLK0       |                                                                                                                                                                                   | design_2_i/axi_fifo_mm_s_0/U0/COMP_IPIF/I_SLAVE_ATTACHMENT/I_DECODER/SR[0]                                                                                   |                5 |             25 |         5.00 |
|  design_2_i/processing_system7_0/inst/FCLK_CLK0       | design_2_i/axi_fifo_mm_s_0/U0/COMP_IPIC2AXI_S/gtxd.COMP_TXD_FIFO/gfifo_gen.COMP_AXIS_FG_FIFO/COMP_FIFO/xpm_fifo_base_inst/xpm_fifo_rst_inst/ram_wr_en_pf                          | design_2_i/axi_fifo_mm_s_0/U0/COMP_IPIC2AXI_S/gtxd.COMP_TXD_FIFO/gfifo_gen.COMP_AXIS_FG_FIFO/COMP_FIFO/xpm_fifo_base_inst/xpm_fifo_rst_inst/Q[0]             |               10 |             28 |         2.80 |
|  design_2_i/processing_system7_0/inst/FCLK_CLK0       | design_2_i/axi_fifo_mm_s_1/U0/COMP_IPIC2AXI_S/gtxd.COMP_TXD_FIFO/gfifo_gen.COMP_AXIS_FG_FIFO/COMP_FIFO/xpm_fifo_base_inst/xpm_fifo_rst_inst/ram_wr_en_pf                          | design_2_i/axi_fifo_mm_s_1/U0/COMP_IPIC2AXI_S/gtxd.COMP_TXD_FIFO/gfifo_gen.COMP_AXIS_FG_FIFO/COMP_FIFO/xpm_fifo_base_inst/xpm_fifo_rst_inst/Q[0]             |                7 |             28 |         4.00 |
|  design_2_i/processing_system7_0/inst/FCLK_CLK0       | design_2_i/axi_fifo_mm_s_1/U0/COMP_IPIC2AXI_S/grxd.COMP_rx_len_fifo/xpm_fifo_base_inst/gen_sdpram.xpm_memory_base_inst/gen_wr_a.gen_word_narrow.mem_reg_64_127_0_2_i_1_n_0        |                                                                                                                                                              |                8 |             30 |         3.75 |
|  design_2_i/processing_system7_0/inst/FCLK_CLK0       | design_2_i/axi_fifo_mm_s_1/U0/COMP_IPIC2AXI_S/grxd.COMP_rx_len_fifo/xpm_fifo_base_inst/gen_sdpram.xpm_memory_base_inst/gen_wr_a.gen_word_narrow.mem_reg_0_63_0_2_i_1_n_0          |                                                                                                                                                              |                8 |             30 |         3.75 |
|  HDMI_TOP_i/display_clocks_inst/o_clk_1x              |                                                                                                                                                                                   | RST_BTN_IBUF                                                                                                                                                 |               14 |             30 |         2.14 |
|  design_2_i/processing_system7_0/inst/FCLK_CLK0       | design_2_i/axi_fifo_mm_s_1/U0/COMP_IPIC2AXI_S/txd_wr_en                                                                                                                           | design_2_i/axi_fifo_mm_s_1/U0/COMP_IPIC2AXI_S/gtxd.sig_txd_packet_size[0]_i_1_n_0                                                                            |                8 |             31 |         3.88 |
|  design_2_i/processing_system7_0/inst/FCLK_CLK0       | design_2_i/axi_fifo_mm_s_0/U0/COMP_IPIC2AXI_S/txd_wr_en                                                                                                                           | design_2_i/axi_fifo_mm_s_0/U0/COMP_IPIC2AXI_S/gtxd.sig_txd_packet_size[0]_i_1_n_0                                                                            |                8 |             31 |         3.88 |
|  design_2_i/processing_system7_0/inst/FCLK_CLK0       | design_2_i/axi_fifo_mm_s_1/U0/COMP_IPIF/I_SLAVE_ATTACHMENT/I_DECODER/GEN_BKEND_CE_REGISTERS[5].ce_out_i_reg[5]_1[0]                                                               | design_2_i/axi_fifo_mm_s_1/U0/COMP_IPIC2AXI_S/sig_Bus2IP_Reset                                                                                               |               13 |             32 |         2.46 |
|  design_2_i/processing_system7_0/inst/FCLK_CLK0       | design_2_i/axi_fifo_mm_s_1/U0/COMP_IPIC2AXI_S/txd_wr_en                                                                                                                           | design_2_i/axi_fifo_mm_s_1/U0/COMP_IPIC2AXI_S/gtxd.COMP_TXD_FIFO/SR[0]                                                                                       |               12 |             32 |         2.67 |
|  design_2_i/processing_system7_0/inst/FCLK_CLK0       | design_2_i/axi_fifo_mm_s_1/U0/COMP_IPIC2AXI_S/gtxd.COMP_TXD_FIFO/gfifo_gen.COMP_AXIS_FG_FIFO/COMP_FIFO/gaxis_pkt_fifo_cc.axis_pkt_cnt[0]_i_1_n_0                                  | design_2_i/axi_fifo_mm_s_1/U0/COMP_IPIC2AXI_S/gtxd.COMP_TXD_FIFO/gfifo_gen.COMP_AXIS_FG_FIFO/COMP_FIFO/gaxis_rst_sync.xpm_cdc_sync_rst_inst/syncstages_ff[3] |                8 |             32 |         4.00 |
|  design_2_i/processing_system7_0/inst/FCLK_CLK0       | design_2_i/axi_fifo_mm_s_0/U0/COMP_IPIC2AXI_S/gtxd.COMP_TXD_FIFO/gfifo_gen.COMP_AXIS_FG_FIFO/COMP_FIFO/gaxis_pkt_fifo_cc.axis_pkt_cnt[0]_i_1_n_0                                  | design_2_i/axi_fifo_mm_s_0/U0/COMP_IPIC2AXI_S/gtxd.COMP_TXD_FIFO/gfifo_gen.COMP_AXIS_FG_FIFO/COMP_FIFO/gaxis_rst_sync.xpm_cdc_sync_rst_inst/syncstages_ff[3] |                8 |             32 |         4.00 |
|  design_2_i/processing_system7_0/inst/FCLK_CLK0       | design_2_i/axi_fifo_mm_s_0/U0/COMP_IPIC2AXI_S/txd_wr_en                                                                                                                           | design_2_i/axi_fifo_mm_s_0/U0/COMP_IPIC2AXI_S/gtxd.COMP_TXD_FIFO/sig_txd_reset0_out                                                                          |                8 |             32 |         4.00 |
|  design_2_i/processing_system7_0/inst/FCLK_CLK0       | design_2_i/axi_fifo_mm_s_0/U0/COMP_IPIF/I_SLAVE_ATTACHMENT/I_DECODER/MEM_DECODE_GEN[0].cs_out_i_reg[0]_1[0]                                                                       | design_2_i/axi_fifo_mm_s_0/U0/COMP_IPIC2AXI_S/sig_Bus2IP_Reset                                                                                               |                8 |             32 |         4.00 |
|  design_2_i/processing_system7_0/inst/FCLK_CLK0       | design_2_i/myI2STx_v1_0_0/inst/s00_axis_tready0                                                                                                                                   |                                                                                                                                                              |                5 |             32 |         6.40 |
|  v_sync                                               | HDMI_TOP_i/gfx_inst/clk_cnt[31]_i_2_n_0                                                                                                                                           | HDMI_TOP_i/gfx_inst/clk_cnt[31]_i_1_n_0                                                                                                                      |                9 |             32 |         3.56 |
|  v_sync                                               | HDMI_TOP_i/gfx_inst/hit_cnt[0]_i_2_n_0                                                                                                                                            | HDMI_TOP_i/gfx_inst/hit_clk                                                                                                                                  |                8 |             32 |         4.00 |
|  design_2_i/processing_system7_0/inst/FCLK_CLK0       | design_2_i/axi_fifo_mm_s_1/U0/COMP_IPIF/I_SLAVE_ATTACHMENT/s_axi_rresp_i                                                                                                          | design_2_i/axi_fifo_mm_s_1/U0/COMP_IPIF/I_SLAVE_ATTACHMENT/rst_0                                                                                             |                7 |             33 |         4.71 |
|  design_2_i/processing_system7_0/inst/FCLK_CLK0       | design_2_i/axi_interconnect_0/s00_couplers/auto_pc/inst/gen_axilite.gen_b2s_conv.axilite_b2s/RD.r_channel_0/rd_data_fifo_0/wr_en0                                                 |                                                                                                                                                              |               10 |             34 |         3.40 |
|  design_2_i/processing_system7_0/inst/FCLK_CLK0       | design_2_i/axi_interconnect_0/xbar/inst/gen_sasd.crossbar_sasd_0/addr_arbiter_inst/E[0]                                                                                           |                                                                                                                                                              |                8 |             35 |         4.38 |
|  design_2_i/processing_system7_0/inst/FCLK_CLK0       |                                                                                                                                                                                   | design_2_i/axi_fifo_mm_s_1/U0/COMP_IPIF/I_SLAVE_ATTACHMENT/I_DECODER/MEM_DECODE_GEN[0].cs_out_i_reg[0]_1                                                     |               16 |             36 |         2.25 |
|  design_2_i/processing_system7_0/inst/FCLK_CLK0       |                                                                                                                                                                                   | design_2_i/axi_fifo_mm_s_1/U0/COMP_IPIC2AXI_S/gtxd.COMP_TXD_FIFO/gfifo_gen.COMP_AXIS_FG_FIFO/COMP_FIFO/xpm_fifo_base_inst/xpm_fifo_rst_inst/Q[0]             |               14 |             40 |         2.86 |
|  design_2_i/processing_system7_0/inst/FCLK_CLK0       |                                                                                                                                                                                   | design_2_i/axi_fifo_mm_s_1/U0/COMP_IPIC2AXI_S/grxd.COMP_RX_FIFO/gfifo_gen.COMP_AXIS_FG_FIFO/COMP_FIFO/xpm_fifo_base_inst/xpm_fifo_rst_inst/Q[0]              |               14 |             40 |         2.86 |
|  design_2_i/processing_system7_0/inst/FCLK_CLK0       |                                                                                                                                                                                   | design_2_i/axi_fifo_mm_s_0/U0/COMP_IPIC2AXI_S/gtxd.COMP_TXD_FIFO/gfifo_gen.COMP_AXIS_FG_FIFO/COMP_FIFO/xpm_fifo_base_inst/xpm_fifo_rst_inst/Q[0]             |               14 |             40 |         2.86 |
|  design_2_i/processing_system7_0/inst/FCLK_CLK0       | design_2_i/axi_fifo_mm_s_1/U0/COMP_IPIC2AXI_S/grxd.COMP_rx_len_fifo/xpm_fifo_base_inst/rdp_inst/enb                                                                               |                                                                                                                                                              |               17 |             45 |         2.65 |
|  design_2_i/processing_system7_0/inst/FCLK_CLK0       | design_2_i/axi_interconnect_0/s00_couplers/auto_pc/inst/gen_axilite.gen_b2s_conv.axilite_b2s/SI_REG/r.r_pipe/p_1_in                                                               |                                                                                                                                                              |                6 |             47 |         7.83 |
|  design_2_i/processing_system7_0/inst/FCLK_CLK0       | design_2_i/axi_interconnect_0/s00_couplers/auto_pc/inst/gen_axilite.gen_b2s_conv.axilite_b2s/SI_REG/r.r_pipe/s_ready_i_reg_0                                                      |                                                                                                                                                              |                8 |             47 |         5.88 |
|  design_2_i/processing_system7_0/inst/FCLK_CLK0       | design_2_i/axi_interconnect_0/s00_couplers/auto_pc/inst/gen_axilite.gen_b2s_conv.axilite_b2s/WR.b_channel_0/bid_fifo_0/E[0]                                                       |                                                                                                                                                              |                8 |             48 |         6.00 |
|  design_2_i/processing_system7_0/inst/FCLK_CLK0       | design_2_i/axi_interconnect_0/s00_couplers/auto_pc/inst/gen_axilite.gen_b2s_conv.axilite_b2s/SI_REG/ar.ar_pipe/s_ready_i_reg_0                                                    |                                                                                                                                                              |               13 |             48 |         3.69 |
|  design_2_i/processing_system7_0/inst/FCLK_CLK0       | design_2_i/axi_interconnect_0/s00_couplers/auto_pc/inst/gen_axilite.gen_b2s_conv.axilite_b2s/SI_REG/aw.aw_pipe/s_ready_i_reg_0                                                    |                                                                                                                                                              |               11 |             48 |         4.36 |
|  design_2_i/processing_system7_0/inst/FCLK_CLK0       | design_2_i/axi_interconnect_0/s00_couplers/auto_pc/inst/gen_axilite.gen_b2s_conv.axilite_b2s/RD.ar_channel_0/ar_cmd_fsm_0/m_valid_i_reg_1[0]                                      |                                                                                                                                                              |               10 |             48 |         4.80 |
|  v_sync                                               |                                                                                                                                                                                   |                                                                                                                                                              |               36 |            113 |         3.14 |
|  design_2_i/processing_system7_0/inst/FCLK_CLK0       |                                                                                                                                                                                   |                                                                                                                                                              |               84 |            249 |         2.96 |
+-------------------------------------------------------+-----------------------------------------------------------------------------------------------------------------------------------------------------------------------------------+--------------------------------------------------------------------------------------------------------------------------------------------------------------+------------------+----------------+--------------+


