Nothing to build in platform 'design_3_wrapper'

00:07:21 **** Incremental Build of configuration Debug for project finalproject ****
make all 
make --no-print-directory pre-build
a9-linaro-pre-build-step
' '
make --no-print-directory main-build
'Building file: ../src/helloworld.c'
'Invoking: ARM v7 gcc compiler'
arm-none-eabi-gcc -Wall -O0 -g3 -c -fmessage-length=0 -MT"src/helloworld.o" -mcpu=cortex-a9 -mfpu=vfpv3 -mfloat-abi=hard -ID:/Xilinx/finalproject_3/workspace3/design_3_wrapper/export/design_3_wrapper/sw/design_3_wrapper/domain_ps7_cortexa9_0/bspinclude/include -MMD -MP -MF"src/helloworld.d" -MT"src/helloworld.o" -o "src/helloworld.o" "../src/helloworld.c"
'Finished building: ../src/helloworld.c'
' '
'Building target: finalproject.elf'
'Invoking: ARM v7 gcc linker'
arm-none-eabi-gcc -mcpu=cortex-a9 -mfpu=vfpv3 -mfloat-abi=hard -Wl,-build-id=none -specs=Xilinx.spec -Wl,-T -Wl,../src/lscript.ld -LD:/Xilinx/finalproject_3/workspace3/design_3_wrapper/export/design_3_wrapper/sw/design_3_wrapper/domain_ps7_cortexa9_0/bsplib/lib -o "finalproject.elf"  ./src/helloworld.o ./src/platform.o   -Wl,--start-group,-lxil,-lgcc,-lc,--end-group
'Finished building target: finalproject.elf'
' '
'Invoking: ARM v7 Print Size'
arm-none-eabi-size finalproject.elf  |tee "finalproject.elf.size"
   text	   data	    bss	    dec	    hex	filename
  40976	   2548	  22640	  66164	  10274	finalproject.elf
'Finished building: finalproject.elf.size'
' '
